// Jest Snapshot v1, https://goo.gl/fbAQLP

exports[`FlexBox renders all necessary props 1`] = `
.c0 {
  display: -webkit-box;
  display: -webkit-flex;
  display: -ms-flexbox;
  display: flex;
  -webkit-flex-direction: column;
  -ms-flex-direction: column;
  flex-direction: column;
  -webkit-box-pack: center;
  -webkit-justify-content: center;
  -ms-flex-pack: center;
  justify-content: center;
  -webkit-align-items: center;
  -webkit-box-align: center;
  -ms-flex-align: center;
  align-items: center;
  margin-left: 16px;
  margin-right: 16px;
  margin-bottom: 16px;
  margin-top: 16px;
  margin: 0 auto;
  width: 100%;
  height: 100vh;
}

<div
  className="c0"
  direction="column"
>
  Hey
</div>
`;
